// Jest Snapshot v1, https://goo.gl/fbAQLP

exports[`BookingForm GIVEN a BookingForm
        WHEN it's edit
        THEN should bring all fields filled 1`] = `
<body>
  <div>
    <form
      class="flex flex-col gap-4"
    >
      <div
        class="space-y-2 flex flex-col"
      >
        <label
          class="text-sm font-medium leading-none peer-disabled:cursor-not-allowed peer-disabled:opacity-70 w-fit"
          for=":r5:-form-item"
        >
          Check-in
        </label>
        <button
          aria-controls="radix-:r6:"
          aria-describedby=":r5:-form-item-description"
          aria-expanded="false"
          aria-haspopup="dialog"
          aria-invalid="false"
          class="inline-flex items-center justify-center whitespace-nowrap rounded-md text-sm transition-colors focus-visible:outline-none focus-visible:ring-1 focus-visible:ring-ring disabled:pointer-events-none disabled:opacity-50 border border-input bg-background shadow-sm hover:bg-accent hover:text-accent-foreground h-9 px-4 py-2 w-[240px] pl-3 text-left font-normal"
          data-state="closed"
          id=":r5:-form-item"
          type="button"
        >
          September 20th, 2025
          <svg
            class="lucide lucide-calendar ml-auto h-4 w-4 opacity-50"
            fill="none"
            height="24"
            stroke="currentColor"
            stroke-linecap="round"
            stroke-linejoin="round"
            stroke-width="2"
            viewBox="0 0 24 24"
            width="24"
            xmlns="http://www.w3.org/2000/svg"
          >
            <rect
              height="18"
              rx="2"
              ry="2"
              width="18"
              x="3"
              y="4"
            />
            <line
              x1="16"
              x2="16"
              y1="2"
              y2="6"
            />
            <line
              x1="8"
              x2="8"
              y1="2"
              y2="6"
            />
            <line
              x1="3"
              x2="21"
              y1="10"
              y2="10"
            />
          </svg>
        </button>
      </div>
      <div
        class="space-y-2 flex flex-col"
      >
        <label
          class="text-sm font-medium leading-none peer-disabled:cursor-not-allowed peer-disabled:opacity-70 w-fit"
          for=":r7:-form-item"
        >
          Check-out
        </label>
        <button
          aria-controls="radix-:r8:"
          aria-describedby=":r7:-form-item-description"
          aria-expanded="false"
          aria-haspopup="dialog"
          aria-invalid="false"
          class="inline-flex items-center justify-center whitespace-nowrap rounded-md text-sm transition-colors focus-visible:outline-none focus-visible:ring-1 focus-visible:ring-ring disabled:pointer-events-none disabled:opacity-50 border border-input bg-background shadow-sm hover:bg-accent hover:text-accent-foreground h-9 px-4 py-2 w-[240px] pl-3 text-left font-normal"
          data-state="closed"
          id=":r7:-form-item"
          type="button"
        >
          September 25th, 2025
          <svg
            class="lucide lucide-calendar ml-auto h-4 w-4 opacity-50"
            fill="none"
            height="24"
            stroke="currentColor"
            stroke-linecap="round"
            stroke-linejoin="round"
            stroke-width="2"
            viewBox="0 0 24 24"
            width="24"
            xmlns="http://www.w3.org/2000/svg"
          >
            <rect
              height="18"
              rx="2"
              ry="2"
              width="18"
              x="3"
              y="4"
            />
            <line
              x1="16"
              x2="16"
              y1="2"
              y2="6"
            />
            <line
              x1="8"
              x2="8"
              y1="2"
              y2="6"
            />
            <line
              x1="3"
              x2="21"
              y1="10"
              y2="10"
            />
          </svg>
        </button>
      </div>
      <div
        class="space-y-2 max-w-[240px]"
      >
        <label
          class="text-sm font-medium leading-none peer-disabled:cursor-not-allowed peer-disabled:opacity-70 w-fit"
          for=":r9:-form-item"
        >
          Guests
        </label>
        <input
          aria-describedby=":r9:-form-item-description"
          aria-invalid="false"
          class="flex h-9 w-full rounded-md border border-input bg-transparent px-3 py-1 text-sm shadow-sm transition-colors file:border-0 file:bg-transparent file:text-sm file:font-medium placeholder:text-muted-foreground focus-visible:outline-none focus-visible:ring-1 focus-visible:ring-ring disabled:cursor-not-allowed disabled:opacity-50"
          id=":r9:-form-item"
          name="quantityGuests"
          placeholder="number of guests"
          type="number"
          value="3"
        />
      </div>
      <div
        class="flex flex-col gap-4 mt-4"
      >
        <h4
          class="text-xl font-semibold tracking-tight"
        >
          Booking informations
        </h4>
        <div
          class="flex gap-6 justify-between"
        >
          <span
            class="underline"
          >
            $
            400
             x 
            5
             nights
          </span>
          <span>
            $
            2000
          </span>
        </div>
        <div
          class="flex gap-6 justify-between"
        >
          <span
            class="underline"
          >
            $
            50
             x 
            3
             guests
          </span>
          <span>
            $
            150
          </span>
        </div>
        <div
          class="shrink-0 bg-border h-[1px] w-full max-w-[200px] mx-auto"
          data-orientation="horizontal"
          role="none"
        />
        <div
          class="flex gap-6 justify-between"
        >
          <span
            class="text-lg font-semibold"
          >
            Total
          </span>
          <span
            class="text-lg font-bold"
          >
            $
            2150
          </span>
        </div>
      </div>
      <button
        class="inline-flex items-center justify-center whitespace-nowrap rounded-md text-sm font-medium transition-colors focus-visible:outline-none focus-visible:ring-1 focus-visible:ring-ring disabled:pointer-events-none disabled:opacity-50 bg-primary text-primary-foreground shadow hover:bg-primary/90 h-9 px-4 py-2"
        type="submit"
      >
        Save
      </button>
    </form>
    <button
      class="inline-flex items-center justify-center whitespace-nowrap rounded-md text-sm font-medium transition-colors focus-visible:outline-none focus-visible:ring-1 focus-visible:ring-ring disabled:pointer-events-none disabled:opacity-50 border border-input bg-background shadow-sm hover:bg-accent hover:text-accent-foreground h-9 px-4 py-2 mt-4 w-full"
    >
      Cancel
    </button>
  </div>
</body>
`;

exports[`BookingForm GIVEN a BookingForm
      WHEN it's create
      THEN should NOT bring fields filled 1`] = `
<body>
  <div>
    <form
      class="flex flex-col gap-4"
    >
      <div
        class="space-y-2 flex flex-col"
      >
        <label
          class="text-sm font-medium leading-none peer-disabled:cursor-not-allowed peer-disabled:opacity-70 w-fit"
          for=":ra:-form-item"
        >
          Check-in
        </label>
        <button
          aria-controls="radix-:rb:"
          aria-describedby=":ra:-form-item-description"
          aria-expanded="false"
          aria-haspopup="dialog"
          aria-invalid="false"
          class="inline-flex items-center justify-center whitespace-nowrap rounded-md text-sm transition-colors focus-visible:outline-none focus-visible:ring-1 focus-visible:ring-ring disabled:pointer-events-none disabled:opacity-50 border border-input bg-background shadow-sm hover:bg-accent hover:text-accent-foreground h-9 px-4 py-2 w-[240px] pl-3 text-left font-normal text-muted-foreground"
          data-state="closed"
          id=":ra:-form-item"
          type="button"
        >
          <span>
            Pick a date to your check-in
          </span>
          <svg
            class="lucide lucide-calendar ml-auto h-4 w-4 opacity-50"
            fill="none"
            height="24"
            stroke="currentColor"
            stroke-linecap="round"
            stroke-linejoin="round"
            stroke-width="2"
            viewBox="0 0 24 24"
            width="24"
            xmlns="http://www.w3.org/2000/svg"
          >
            <rect
              height="18"
              rx="2"
              ry="2"
              width="18"
              x="3"
              y="4"
            />
            <line
              x1="16"
              x2="16"
              y1="2"
              y2="6"
            />
            <line
              x1="8"
              x2="8"
              y1="2"
              y2="6"
            />
            <line
              x1="3"
              x2="21"
              y1="10"
              y2="10"
            />
          </svg>
        </button>
      </div>
      <div
        class="space-y-2 flex flex-col"
      >
        <label
          class="text-sm font-medium leading-none peer-disabled:cursor-not-allowed peer-disabled:opacity-70 w-fit"
          for=":rc:-form-item"
        >
          Check-out
        </label>
        <button
          aria-controls="radix-:rd:"
          aria-describedby=":rc:-form-item-description"
          aria-expanded="false"
          aria-haspopup="dialog"
          aria-invalid="false"
          class="inline-flex items-center justify-center whitespace-nowrap rounded-md text-sm transition-colors focus-visible:outline-none focus-visible:ring-1 focus-visible:ring-ring disabled:pointer-events-none disabled:opacity-50 border border-input bg-background shadow-sm hover:bg-accent hover:text-accent-foreground h-9 px-4 py-2 w-[240px] pl-3 text-left font-normal text-muted-foreground"
          data-state="closed"
          disabled=""
          id=":rc:-form-item"
          type="button"
        >
          <span>
            Pick a date to your check-out
          </span>
          <svg
            class="lucide lucide-calendar ml-auto h-4 w-4 opacity-50"
            fill="none"
            height="24"
            stroke="currentColor"
            stroke-linecap="round"
            stroke-linejoin="round"
            stroke-width="2"
            viewBox="0 0 24 24"
            width="24"
            xmlns="http://www.w3.org/2000/svg"
          >
            <rect
              height="18"
              rx="2"
              ry="2"
              width="18"
              x="3"
              y="4"
            />
            <line
              x1="16"
              x2="16"
              y1="2"
              y2="6"
            />
            <line
              x1="8"
              x2="8"
              y1="2"
              y2="6"
            />
            <line
              x1="3"
              x2="21"
              y1="10"
              y2="10"
            />
          </svg>
        </button>
      </div>
      <div
        class="space-y-2 max-w-[240px]"
      >
        <label
          class="text-sm font-medium leading-none peer-disabled:cursor-not-allowed peer-disabled:opacity-70 w-fit"
          for=":re:-form-item"
        >
          Guests
        </label>
        <input
          aria-describedby=":re:-form-item-description"
          aria-invalid="false"
          class="flex h-9 w-full rounded-md border border-input bg-transparent px-3 py-1 text-sm shadow-sm transition-colors file:border-0 file:bg-transparent file:text-sm file:font-medium placeholder:text-muted-foreground focus-visible:outline-none focus-visible:ring-1 focus-visible:ring-ring disabled:cursor-not-allowed disabled:opacity-50"
          id=":re:-form-item"
          name="quantityGuests"
          placeholder="number of guests"
          type="number"
          value=""
        />
      </div>
      <div
        class="flex flex-col gap-4 mt-4"
      >
        <h4
          class="text-xl font-semibold tracking-tight"
        >
          Booking informations
        </h4>
        <div
          class="flex gap-6 justify-between"
        >
          <span
            class="underline"
          >
            $
            400
             x 
            0
             nights
          </span>
          <span>
            $
            0
          </span>
        </div>
        <div
          class="flex gap-6 justify-between"
        >
          <span
            class="underline"
          >
            $
            50
             x 
            0
             guests
          </span>
          <span>
            $
            0
          </span>
        </div>
        <div
          class="shrink-0 bg-border h-[1px] w-full max-w-[200px] mx-auto"
          data-orientation="horizontal"
          role="none"
        />
        <div
          class="flex gap-6 justify-between"
        >
          <span
            class="text-lg font-semibold"
          >
            Total
          </span>
          <span
            class="text-lg font-bold"
          >
            $
            0
          </span>
        </div>
      </div>
      <button
        class="inline-flex items-center justify-center whitespace-nowrap rounded-md text-sm font-medium transition-colors focus-visible:outline-none focus-visible:ring-1 focus-visible:ring-ring disabled:pointer-events-none disabled:opacity-50 bg-primary text-primary-foreground shadow hover:bg-primary/90 h-9 px-4 py-2"
        type="submit"
      >
        Book
      </button>
    </form>
    <button
      class="inline-flex items-center justify-center whitespace-nowrap rounded-md text-sm font-medium transition-colors focus-visible:outline-none focus-visible:ring-1 focus-visible:ring-ring disabled:pointer-events-none disabled:opacity-50 border border-input bg-background shadow-sm hover:bg-accent hover:text-accent-foreground h-9 px-4 py-2 mt-4 w-full"
    >
      Cancel
    </button>
  </div>
</body>
`;
