// Vitest Snapshot v1, https://vitest.dev/guide/snapshot.html

exports[`BookingDrawer > GIVEN a room
      WHEN room doesnt exists
      THEN should show the Not found message 1`] = `
<body
  style="position: fixed !important; top: 0px; left: 0px; right: 0px; height: auto; pointer-events: none;"
>
  <span
    aria-hidden="true"
    data-aria-hidden="true"
    data-radix-focus-guard=""
    style="opacity: 0; position: fixed; pointer-events: none; outline-color: none; outline-style: none; outline-width: initial;"
    tabindex="0"
  />
  <div
    aria-hidden="true"
    data-aria-hidden="true"
  />
  <div
    aria-hidden="true"
    class="fixed inset-0 z-50 bg-black/80"
    data-aria-hidden="true"
    data-state="open"
    style="pointer-events: auto;"
    vaul-drawer-visible="true"
    vaul-overlay=""
    vaul-snap-points="false"
    vaul-snap-points-overlay="true"
  />
  <div
    aria-describedby="radix-:r2:"
    aria-labelledby="radix-:r1:"
    class="fixed inset-x-0 bottom-0 z-50 mt-24 flex h-auto flex-col rounded-t-[10px] border bg-background"
    data-state="open"
    id="radix-:r0:"
    role="dialog"
    style="pointer-events: auto;"
    tabindex="-1"
    vaul-drawer=""
    vaul-drawer-visible="true"
  >
    <div
      class="mx-auto mt-4 h-2 w-[100px] rounded-full bg-muted"
    />
    <div
      class="mx-auto max-w-[400px] max-h-[100vh] overflow-y-auto md:w-full md:max-w-[640px] md:overflow-hidden md:flex md:pt-8 md:items-center"
    >
      <div
        class="grid gap-1.5 p-4 text-center sm:text-left"
      >
        <h2
          class="text-lg font-semibold leading-none tracking-tight text-center"
          id="radix-:r1:"
        >
          Room not found
        </h2>
        <p
          class="text-sm text-muted-foreground text-center"
          id="radix-:r2:"
        >
          We could not found the room that you are looking for.
        </p>
      </div>
      <div
        class="mt-auto flex flex-col gap-2 p-4"
      >
        <button
          class="inline-flex items-center justify-center whitespace-nowrap rounded-md text-sm font-medium transition-colors focus-visible:outline-none focus-visible:ring-1 focus-visible:ring-ring disabled:pointer-events-none disabled:opacity-50 border border-input bg-background shadow-sm hover:bg-accent hover:text-accent-foreground h-9 px-4 py-2"
        >
          Close
        </button>
      </div>
    </div>
  </div>
  <span
    aria-hidden="true"
    data-aria-hidden="true"
    data-radix-focus-guard=""
    style="opacity: 0; position: fixed; pointer-events: none; outline-color: none; outline-style: none; outline-width: initial;"
    tabindex="0"
  />
</body>
`;
